[GIN-debug] [WARNING] Creating an Engine instance with the Logger and Recovery middleware already attached.

[GIN-debug] [WARNING] Running in "debug" mode. Switch to "release" mode in production.
 - using env:	export GIN_MODE=release
 - using code:	gin.SetMode(gin.ReleaseMode)

[GIN-debug] POST   /api/session              --> main.main.CreateSession.func3 (4 handlers)
[GIN-debug] GET    /api/corpus/stats         --> main.main.GetCorpusStats.func4 (4 handlers)
[GIN-debug] GET    /api/audit/:sessionID     --> main.main.GetAuditLog.func5 (4 handlers)
[GIN-debug] GET    /ws/:sessionID            --> main.main.WsHandler.func6 (4 handlers)
[GIN-debug] GET    /health                   --> main.main.func2 (4 handlers)
2026/05/29 11:00:04 VaultGuard Server starting on :8080...
[GIN-debug] [WARNING] You trusted all proxies, this is NOT safe. We recommend you to set a value.
Please check https://github.com/gin-gonic/gin/blob/master/docs/doc.md#dont-trust-all-proxies for details.
[GIN-debug] Listening and serving HTTP on :8080
[GIN] 2026/05/29 - 11:00:05 | 200 | 79.713µs |             ::1 | GET      "/ws/test-session-75"
[GIN] 2026/05/29 - 11:00:05 | 200 | 88.058µs |             ::1 | GET      "/ws/test-session-75"
panic: runtime error: invalid memory address or nil pointer dereference
[signal SIGSEGV: segmentation violation code=0x1 addr=0x20 pc=0xad0aec]

goroutine 14 [running]:
github.com/vaultguard/backend/internal/handlers.handleCommand({0xc000282000, 0x68, 0x200}, {0xc000210068, 0xf}, 0xc0001f70b0)
	/app/backend/internal/handlers/api.go:127 +0x1ac
github.com/vaultguard/backend/internal/handlers.readPump(0xc000010810, 0xc0000b26e0, 0xc0001f70b0)
	/app/backend/internal/handlers/api.go:101 +0x71
created by main.main.WsHandler.func6 in goroutine 18
	/app/backend/internal/handlers/api.go:81 +0x1a5
exit status 2
